INFO:     Will watch for changes in these directories: ['C:\\Users\\shubh\\Desktop\\MY PORTFOLIO\\backend']
INFO:     Uvicorn running on http://0.0.0.0:8000 (Press CTRL+C to quit)
INFO:     Started reloader process [27156] using WatchFiles
INFO:     Started server process [9620]
INFO:     Waiting for application startup.
INFO:     Application startup complete.
WARNING:  WatchFiles detected changes in 'chat_core.py'. Reloading...
INFO:     Shutting down
INFO:     Waiting for application shutdown.
INFO:     Application shutdown complete.
INFO:     Finished server process [9620]
WARNING:  WatchFiles detected changes in 'main.py', 'chat_core.py'. Reloading...
Process SpawnProcess-2:
Traceback (most recent call last):
  File "C:\Users\shubh\AppData\Local\Programs\Python\Python313\Lib\multiprocessing\process.py", line 313, in _bootstrap
    self.run()
    ~~~~~~~~^^
  File "C:\Users\shubh\AppData\Local\Programs\Python\Python313\Lib\multiprocessing\process.py", line 108, in run
    self._target(*self._args, **self._kwargs)
    ~~~~~~~~~~~~^^^^^^^^^^^^^^^^^^^^^^^^^^^^^
  File "C:\Users\shubh\AppData\Roaming\Python\Python313\site-packages\uvicorn\_subprocess.py", line 80, in subprocess_started
    target(sockets=sockets)
    ~~~~~~^^^^^^^^^^^^^^^^^
  File "C:\Users\shubh\AppData\Roaming\Python\Python313\site-packages\uvicorn\server.py", line 77, in run
    return asyncio_run(self.serve(sockets=sockets), loop_factory=self.config.get_loop_factory())
  File "C:\Users\shubh\AppData\Local\Programs\Python\Python313\Lib\asyncio\runners.py", line 196, in run
    return runner.run(main)
           ~~~~~~~~~~^^^^^^
  File "C:\Users\shubh\AppData\Local\Programs\Python\Python313\Lib\asyncio\runners.py", line 119, in run
    return self._loop.run_until_complete(task)
           ~~~~~~~~~~~~~~~~~~~~~~~~~~~~~^^^^^^
  File "C:\Users\shubh\AppData\Local\Programs\Python\Python313\Lib\asyncio\base_events.py", line 725, in run_until_complete
    return future.result()
           ~~~~~~~~~~~~~^^
  File "C:\Users\shubh\AppData\Roaming\Python\Python313\site-packages\uvicorn\server.py", line 81, in serve
    await self._serve(sockets)
  File "C:\Users\shubh\AppData\Roaming\Python\Python313\site-packages\uvicorn\server.py", line 88, in _serve
    config.load()
    ~~~~~~~~~~~^^
  File "C:\Users\shubh\AppData\Roaming\Python\Python313\site-packages\uvicorn\config.py", line 494, in load
    self.loaded_app = self.load_app()
                      ~~~~~~~~~~~~~^^
  File "C:\Users\shubh\AppData\Roaming\Python\Python313\site-packages\uvicorn\config.py", line 428, in load_app
    return import_from_string(self.app)
  File "C:\Users\shubh\AppData\Roaming\Python\Python313\site-packages\uvicorn\importer.py", line 22, in import_from_string
    raise exc from None
  File "C:\Users\shubh\AppData\Roaming\Python\Python313\site-packages\uvicorn\importer.py", line 19, in import_from_string
    module = importlib.import_module(module_str)
  File "C:\Users\shubh\AppData\Local\Programs\Python\Python313\Lib\importlib\__init__.py", line 88, in import_module
    return _bootstrap._gcd_import(name[level:], package, level)
           ~~~~~~~~~~~~~~~~~~~~~~^^^^^^^^^^^^^^^^^^^^^^^^^^^^^^
  File "<frozen importlib._bootstrap>", line 1395, in _gcd_import
  File "<frozen importlib._bootstrap>", line 1360, in _find_and_load
  File "<frozen importlib._bootstrap>", line 1331, in _find_and_load_unlocked
  File "<frozen importlib._bootstrap>", line 935, in _load_unlocked
  File "<frozen importlib._bootstrap_external>", line 1023, in exec_module
  File "<frozen importlib._bootstrap>", line 488, in _call_with_frames_removed
  File "C:\Users\shubh\Desktop\MY PORTFOLIO\backend\main.py", line 29, in <module>
    from db import (
    ...<3 lines>...
    )
ModuleNotFoundError: No module named 'db'
Process SpawnProcess-3:
Traceback (most recent call last):
  File "C:\Users\shubh\AppData\Local\Programs\Python\Python313\Lib\multiprocessing\process.py", line 313, in _bootstrap
    self.run()
    ~~~~~~~~^^
  File "C:\Users\shubh\AppData\Local\Programs\Python\Python313\Lib\multiprocessing\process.py", line 108, in run
    self._target(*self._args, **self._kwargs)
    ~~~~~~~~~~~~^^^^^^^^^^^^^^^^^^^^^^^^^^^^^
  File "C:\Users\shubh\AppData\Roaming\Python\Python313\site-packages\uvicorn\_subprocess.py", line 80, in subprocess_started
    target(sockets=sockets)
    ~~~~~~^^^^^^^^^^^^^^^^^
  File "C:\Users\shubh\AppData\Roaming\Python\Python313\site-packages\uvicorn\server.py", line 77, in run
    return asyncio_run(self.serve(sockets=sockets), loop_factory=self.config.get_loop_factory())
  File "C:\Users\shubh\AppData\Local\Programs\Python\Python313\Lib\asyncio\runners.py", line 196, in run
    return runner.run(main)
           ~~~~~~~~~~^^^^^^
  File "C:\Users\shubh\AppData\Local\Programs\Python\Python313\Lib\asyncio\runners.py", line 119, in run
    return self._loop.run_until_complete(task)
           ~~~~~~~~~~~~~~~~~~~~~~~~~~~~~^^^^^^
  File "C:\Users\shubh\AppData\Local\Programs\Python\Python313\Lib\asyncio\base_events.py", line 725, in run_until_complete
    return future.result()
           ~~~~~~~~~~~~~^^
  File "C:\Users\shubh\AppData\Roaming\Python\Python313\site-packages\uvicorn\server.py", line 81, in serve
    await self._serve(sockets)
  File "C:\Users\shubh\AppData\Roaming\Python\Python313\site-packages\uvicorn\server.py", line 88, in _serve
    config.load()
    ~~~~~~~~~~~^^
  File "C:\Users\shubh\AppData\Roaming\Python\Python313\site-packages\uvicorn\config.py", line 494, in load
    self.loaded_app = self.load_app()
                      ~~~~~~~~~~~~~^^
  File "C:\Users\shubh\AppData\Roaming\Python\Python313\site-packages\uvicorn\config.py", line 428, in load_app
    return import_from_string(self.app)
  File "C:\Users\shubh\AppData\Roaming\Python\Python313\site-packages\uvicorn\importer.py", line 22, in import_from_string
    raise exc from None
  File "C:\Users\shubh\AppData\Roaming\Python\Python313\site-packages\uvicorn\importer.py", line 19, in import_from_string
    module = importlib.import_module(module_str)
  File "C:\Users\shubh\AppData\Local\Programs\Python\Python313\Lib\importlib\__init__.py", line 88, in import_module
    return _bootstrap._gcd_import(name[level:], package, level)
           ~~~~~~~~~~~~~~~~~~~~~~^^^^^^^^^^^^^^^^^^^^^^^^^^^^^^
  File "<frozen importlib._bootstrap>", line 1395, in _gcd_import
  File "<frozen importlib._bootstrap>", line 1360, in _find_and_load
  File "<frozen importlib._bootstrap>", line 1331, in _find_and_load_unlocked
  File "<frozen importlib._bootstrap>", line 935, in _load_unlocked
  File "<frozen importlib._bootstrap_external>", line 1023, in exec_module
  File "<frozen importlib._bootstrap>", line 488, in _call_with_frames_removed
  File "C:\Users\shubh\Desktop\MY PORTFOLIO\backend\main.py", line 29, in <module>
    from db import (
    ...<3 lines>...
    )
ModuleNotFoundError: No module named 'db'
WARNING:  WatchFiles detected changes in 'main.py'. Reloading...
Process SpawnProcess-4:
Traceback (most recent call last):
  File "C:\Users\shubh\AppData\Local\Programs\Python\Python313\Lib\multiprocessing\process.py", line 313, in _bootstrap
    self.run()
    ~~~~~~~~^^
  File "C:\Users\shubh\AppData\Local\Programs\Python\Python313\Lib\multiprocessing\process.py", line 108, in run
    self._target(*self._args, **self._kwargs)
    ~~~~~~~~~~~~^^^^^^^^^^^^^^^^^^^^^^^^^^^^^
  File "C:\Users\shubh\AppData\Roaming\Python\Python313\site-packages\uvicorn\_subprocess.py", line 80, in subprocess_started
    target(sockets=sockets)
    ~~~~~~^^^^^^^^^^^^^^^^^
  File "C:\Users\shubh\AppData\Roaming\Python\Python313\site-packages\uvicorn\server.py", line 77, in run
    return asyncio_run(self.serve(sockets=sockets), loop_factory=self.config.get_loop_factory())
  File "C:\Users\shubh\AppData\Local\Programs\Python\Python313\Lib\asyncio\runners.py", line 196, in run
    return runner.run(main)
           ~~~~~~~~~~^^^^^^
  File "C:\Users\shubh\AppData\Local\Programs\Python\Python313\Lib\asyncio\runners.py", line 119, in run
    return self._loop.run_until_complete(task)
           ~~~~~~~~~~~~~~~~~~~~~~~~~~~~~^^^^^^
  File "C:\Users\shubh\AppData\Local\Programs\Python\Python313\Lib\asyncio\base_events.py", line 725, in run_until_complete
    return future.result()
           ~~~~~~~~~~~~~^^
  File "C:\Users\shubh\AppData\Roaming\Python\Python313\site-packages\uvicorn\server.py", line 81, in serve
    await self._serve(sockets)
  File "C:\Users\shubh\AppData\Roaming\Python\Python313\site-packages\uvicorn\server.py", line 88, in _serve
    config.load()
    ~~~~~~~~~~~^^
  File "C:\Users\shubh\AppData\Roaming\Python\Python313\site-packages\uvicorn\config.py", line 494, in load
    self.loaded_app = self.load_app()
                      ~~~~~~~~~~~~~^^
  File "C:\Users\shubh\AppData\Roaming\Python\Python313\site-packages\uvicorn\config.py", line 428, in load_app
    return import_from_string(self.app)
  File "C:\Users\shubh\AppData\Roaming\Python\Python313\site-packages\uvicorn\importer.py", line 22, in import_from_string
    raise exc from None
  File "C:\Users\shubh\AppData\Roaming\Python\Python313\site-packages\uvicorn\importer.py", line 19, in import_from_string
    module = importlib.import_module(module_str)
  File "C:\Users\shubh\AppData\Local\Programs\Python\Python313\Lib\importlib\__init__.py", line 88, in import_module
    return _bootstrap._gcd_import(name[level:], package, level)
           ~~~~~~~~~~~~~~~~~~~~~~^^^^^^^^^^^^^^^^^^^^^^^^^^^^^^
  File "<frozen importlib._bootstrap>", line 1395, in _gcd_import
  File "<frozen importlib._bootstrap>", line 1360, in _find_and_load
  File "<frozen importlib._bootstrap>", line 1331, in _find_and_load_unlocked
  File "<frozen importlib._bootstrap>", line 935, in _load_unlocked
  File "<frozen importlib._bootstrap_external>", line 1023, in exec_module
  File "<frozen importlib._bootstrap>", line 488, in _call_with_frames_removed
  File "C:\Users\shubh\Desktop\MY PORTFOLIO\backend\main.py", line 29, in <module>
    from db import (
    ...<3 lines>...
    )
ModuleNotFoundError: No module named 'db'
WARNING:  WatchFiles detected changes in 'main.py'. Reloading...
Process SpawnProcess-5:
Traceback (most recent call last):
  File "C:\Users\shubh\AppData\Local\Programs\Python\Python313\Lib\multiprocessing\process.py", line 313, in _bootstrap
    self.run()
    ~~~~~~~~^^
  File "C:\Users\shubh\AppData\Local\Programs\Python\Python313\Lib\multiprocessing\process.py", line 108, in run
    self._target(*self._args, **self._kwargs)
    ~~~~~~~~~~~~^^^^^^^^^^^^^^^^^^^^^^^^^^^^^
  File "C:\Users\shubh\AppData\Roaming\Python\Python313\site-packages\uvicorn\_subprocess.py", line 80, in subprocess_started
    target(sockets=sockets)
    ~~~~~~^^^^^^^^^^^^^^^^^
  File "C:\Users\shubh\AppData\Roaming\Python\Python313\site-packages\uvicorn\server.py", line 77, in run
    return asyncio_run(self.serve(sockets=sockets), loop_factory=self.config.get_loop_factory())
  File "C:\Users\shubh\AppData\Local\Programs\Python\Python313\Lib\asyncio\runners.py", line 196, in run
    return runner.run(main)
           ~~~~~~~~~~^^^^^^
  File "C:\Users\shubh\AppData\Local\Programs\Python\Python313\Lib\asyncio\runners.py", line 119, in run
    return self._loop.run_until_complete(task)
           ~~~~~~~~~~~~~~~~~~~~~~~~~~~~~^^^^^^
  File "C:\Users\shubh\AppData\Local\Programs\Python\Python313\Lib\asyncio\base_events.py", line 725, in run_until_complete
    return future.result()
           ~~~~~~~~~~~~~^^
  File "C:\Users\shubh\AppData\Roaming\Python\Python313\site-packages\uvicorn\server.py", line 81, in serve
    await self._serve(sockets)
  File "C:\Users\shubh\AppData\Roaming\Python\Python313\site-packages\uvicorn\server.py", line 88, in _serve
    config.load()
    ~~~~~~~~~~~^^
  File "C:\Users\shubh\AppData\Roaming\Python\Python313\site-packages\uvicorn\config.py", line 494, in load
    self.loaded_app = self.load_app()
                      ~~~~~~~~~~~~~^^
  File "C:\Users\shubh\AppData\Roaming\Python\Python313\site-packages\uvicorn\config.py", line 428, in load_app
    return import_from_string(self.app)
  File "C:\Users\shubh\AppData\Roaming\Python\Python313\site-packages\uvicorn\importer.py", line 22, in import_from_string
    raise exc from None
  File "C:\Users\shubh\AppData\Roaming\Python\Python313\site-packages\uvicorn\importer.py", line 19, in import_from_string
    module = importlib.import_module(module_str)
  File "C:\Users\shubh\AppData\Local\Programs\Python\Python313\Lib\importlib\__init__.py", line 88, in import_module
    return _bootstrap._gcd_import(name[level:], package, level)
           ~~~~~~~~~~~~~~~~~~~~~~^^^^^^^^^^^^^^^^^^^^^^^^^^^^^^
  File "<frozen importlib._bootstrap>", line 1395, in _gcd_import
  File "<frozen importlib._bootstrap>", line 1360, in _find_and_load
  File "<frozen importlib._bootstrap>", line 1331, in _find_and_load_unlocked
  File "<frozen importlib._bootstrap>", line 935, in _load_unlocked
  File "<frozen importlib._bootstrap_external>", line 1023, in exec_module
  File "<frozen importlib._bootstrap>", line 488, in _call_with_frames_removed
  File "C:\Users\shubh\Desktop\MY PORTFOLIO\backend\main.py", line 29, in <module>
    from db import (
    ...<3 lines>...
    )
ModuleNotFoundError: No module named 'db'
WARNING:  WatchFiles detected changes in 'db.py'. Reloading...
WARNING:  WatchFiles detected changes in 'db.py'. Reloading...
INFO:     Started server process [30140]
INFO:     Waiting for application startup.
INFO:     Application startup complete.
INFO:     Shutting down
INFO:     Waiting for application shutdown.
INFO:     Application shutdown complete.
INFO:     Finished server process [30140]
INFO:     Started server process [10020]
INFO:     Waiting for application startup.
INFO:     Application startup complete.
WARNING:  WatchFiles detected changes in 'rag.py'. Reloading...
INFO:     Shutting down
INFO:     Waiting for application shutdown.
INFO:     Application shutdown complete.
INFO:     Finished server process [10020]
WARNING:  WatchFiles detected changes in 'rag.py', 'db.py', 'chat_core.py'. Reloading...
INFO:     Started server process [33604]
INFO:     Waiting for application startup.
INFO:     Application startup complete.
INFO:     Shutting down
INFO:     Waiting for application shutdown.
INFO:     Application shutdown complete.
INFO:     Finished server process [33604]
INFO:     Started server process [33628]
INFO:     Waiting for application startup.
INFO:     Application startup complete.
WARNING:  WatchFiles detected changes in 'chat_core.py'. Reloading...
INFO:     Shutting down
INFO:     Waiting for application shutdown.
INFO:     Application shutdown complete.
INFO:     Finished server process [33628]
WARNING:  WatchFiles detected changes in 'api\index.py', 'chat_core.py'. Reloading...
INFO:     Started server process [13100]
INFO:     Waiting for application startup.
INFO:     Application startup complete.
INFO:     Shutting down
INFO:     Waiting for application shutdown.
INFO:     Application shutdown complete.
INFO:     Finished server process [13100]
INFO:     Started server process [32188]
INFO:     Waiting for application startup.
INFO:     Application startup complete.
WARNING:  WatchFiles detected changes in 'api\index.py'. Reloading...
INFO:     Shutting down
INFO:     Waiting for application shutdown.
INFO:     Application shutdown complete.
INFO:     Finished server process [32188]
INFO:     Started server process [7020]
INFO:     Waiting for application startup.
INFO:     Application startup complete.
