[    9168ms] [INFO] Autofocus processing was blocked because a document already has a focused element. @ https://www.google.com/search?q=best+icons&oq=best+icons+&gs_lcrp=EgZjaHJvbWUyBggAEEUYOTIHCAEQABiABDIHCAIQABiABDIHCAMQABiABDIHCAQQABiABDIHCAUQABiABDIHCAYQABiABDIHCAcQABiABDIHCAgQABiABDIHCAkQABiABNIBCDM3OTdqMGo3qAIIsAIB8QWL-ITtzEt_9fEFi_iE7cxLf_U&sourceid=chrome&source=chrome.ob&ie=UTF-8&sei=HbKTat3KOLiNseMP4LTR2Qs:0
[   12890ms] [WARNING] Error with Permissions-Policy header: Invalid allowlist item(https://pay.google.com) for feature payment. Allowlist item must be *, self or quoted url. @ :0
[   13555ms] [ERROR] Failed to load resource: net::ERR_CONNECTION_CLOSED @ https://seoab.io/:0
[   14099ms] [WARNING] [GPT] PubAdsService.setTargeting is deprecated, use googletag.setConfig({targeting: ...}) instead.
https://goo.gle/gpt-message#170 @ https://securepubads.g.doubleclick.net/pagead/managed/js/gpt/m202608260101/pubads_impl.js?cb=122880734:18
[   14756ms] [WARNING] [GSI_LOGGER]: Your client application uses one of the Google One Tap prompt UI status methods that may stop functioning when FedCM becomes mandatory. Refer to the migration guide to update your code accordingly and opt-in to FedCM to test your changes. Learn more: https://developers.google.com/identity/gsi/web/guides/fedcm-migration?s=dc#display_moment and https://developers.google.com/identity/gsi/web/guides/fedcm-migration?s=dc#skipped_moment @ https://accounts.google.com/gsi/client:86
[   14787ms] [ERROR] Not signed in with the identity provider. @ https://www.flaticon.com/free-icons/best:0
[   16847ms] [ERROR] Failed to load resource: the server responded with a status of 403 () @ chrome-error://chromewebdata/:0
[   16852ms] [ERROR] Refused to display 'https://csync-apac.smilewanted.com/' in a frame because it set 'X-Frame-Options' to 'sameorigin'. @ chrome-error://chromewebdata/:0
[   18404ms] [WARNING] [GPT] Slot.setTargeting is deprecated, use Slot.setConfig({targeting: ...}) instead.
https://goo.gle/gpt-message#171 @ https://securepubads.g.doubleclick.net/pagead/managed/js/gpt/m202608260101/pubads_impl.js?cb=122880734:18
[   19807ms] [ERROR] Attestation check for Shared Storage on https://www.googleadservices.com failed. @ https://www.googleadservices.com/pagead/managed/js/activeview/current/reach_worklet.html:0
[   19822ms] [ERROR] Refused to execute script from 'https://metrics.getrockerbox.com/track/v5?source=semrush&tier_one=dv360&tier_two=1028502593&tier_three=23906932774&tier_four=741564978&auction_id=1788064298775508&referrer=https://www.flaticon.com/free-icons/best' because its MIME type ('image/gif') is not executable. @ https://2f56046d5de3def246d192d4d631723d.safeframe.googlesyndication.com/safeframe/1-0-45/html/container.html:0
[   19913ms] [ERROR] Attestation check for Attribution Reporting on https://ad.doubleclick.net failed. @ https://www.flaticon.com/free-icons/best:0
[   29166ms] [ERROR] [GSI_LOGGER]: FedCM get() rejects with AbortError: signal is aborted without reason @ https://accounts.google.com/gsi/client:87
[   29561ms] Uncaught TypeError: Cannot set properties of null (setting 'innerHTML')
    at pagination_update (https://media.flaticon.com/dist/js/fi-base.c3225f4b8c3135bc740c.js:0:155597)
    at success (https://media.flaticon.com/dist/js/fi-base.c3225f4b8c3135bc740c.js:0:157572)
    at c (https://media.flaticon.com/js/jquery-3.5.1.min.js:1:28293)
    at fireWith (https://media.flaticon.com/js/jquery-3.5.1.min.js:1:29038)
    at l (https://media.flaticon.com/js/jquery-3.5.1.min.js:1:79799)
    at <anonymous> (https://media.flaticon.com/js/jquery-3.5.1.min.js:1:82253)
